// Jest Snapshot v1, https://goo.gl/fbAQLP

exports[`renders sign in correctly 1`] = `
<Text>
  Loading...
</Text>
`;
